{
    "sarscov2 - forge_seed": {
        "content": [
            [
                
            ]
        ],
        "meta": {
            "nf-test": "0.9.3",
            "nextflow": "25.10.4"
        },
        "timestamp": "2026-02-19T12:26:52.172068"
    },
    "sarscov2 - forge_seed - stub": {
        "content": [
            {
                "0": [
                    
                ],
                "1": [
                    
                ],
                "2": [
                    
                ],
                "check_results": [
                    
                ],
                "tarball": [
                    
                ],
                "versions_bsgenome": [
                    
                ]
            }
        ],
        "meta": {
            "nf-test": "0.9.3",
            "nextflow": "25.10.4"
        },
        "timestamp": "2026-02-19T12:26:58.397379"
    }
}